[    0.000000] Initializing cgroup subsys cpuset
[    0.000000] Initializing cgroup subsys cpu
[    0.000000] Initializing cgroup subsys cpuacct
[    0.000000] Linux version 4.4.0-103-generic (buildd@lcy01-amd64-001) (gcc vesion 5.4.0 20160609 (Ubuntu 5.4.0-6ubuntu1~16.04.5) ) #126-Ubuntu SMP Mon Dec 4 16:23:28 UTC 2017 (Ubuntu 4.4.0-103.126-generic 4.4.98)
[    0.000000] Command line: BOOT_IMAGE=/boot/vmlinuz-4.4.0-103-generic root=LABEL=cloudimg-rootfs ro console=tty1 console=ttyS0
[    0.000000] KERNEL supported cpus:
[    0.000000]   Intel GenuineIntel
[    0.000000]   AMD AuthenticAMD
[    0.000000]   Centaur CentaurHauls
[    0.000000] x86/fpu: xstate_offset[2]:  576, xstate_sizes[2]:  256
[    0.000000] x86/fpu: Supporting XSAVE feature 0x01: 'x87 floating point registers'
[    0.000000] x86/fpu: Supporting XSAVE feature 0x02: 'SSE registers'
[    0.000000] x86/fpu: Supporting XSAVE feature 0x04: 'AVX registers'
[    0.000000] x86/fpu: Enabled xstate features 0x7, context size is 832 bytes, using 'standard' format.
[    0.000000] x86/fpu: Using 'lazy' FPU context switches.
[    0.000000] e820: BIOS-provided physical RAM map:
[    0.000000] BIOS-e820: [mem 0x0000000000000000-0x000000000009fbff] usable
[    0.000000] BIOS-e820: [mem 0x000000000009fc00-0x000000000009ffff] reserved
[    0.000000] BIOS-e820: [mem 0x00000000000f0000-0x00000000000fffff] reserved
[    0.000000] BIOS-e820: [mem 0x0000000000100000-0x000000003ffeffff] usable
[    0.000000] BIOS-e820: [mem 0x000000003fff0000-0x000000003fffffff] ACPI data
[    0.000000] BIOS-e820: [mem 0x00000000fffc0000-0x00000000ffffffff] reserved
[    0.000000] NX (Execute Disable) protection: active
[    0.000000] SMBIOS 2.5 present.
[    0.000000] Hypervisor detected: KVM
[    0.000000] e820: last_pfn = 0x3fff0 max_arch_pfn = 0x400000000
[    0.000000] MTRR: Disabled
[    0.000000] x86/PAT: MTRRs disabled, skipping PAT initialization too.
[    0.000000] CPU MTRRs all blank - virtualized system.
[    0.000000] x86/PAT: Configuration [0-7]: WB  WT  UC- UC  WB  WT  UC- UC  
[    0.000000] found SMP MP-table at [mem 0x0009fff0-0x0009ffff] mapped at [ffff88000009fff0]
[    0.000000] Scanning 1 areas for low memory corruption
[    0.000000] RAMDISK: [mem 0x36adc000-0x37565fff]
[    0.000000] ACPI: Early table checksum verification disabled
[    0.000000] ACPI: RSDP 0x00000000000E0000 000024 (v02 VBOX  )
[    0.000000] ACPI: XSDT 0x000000003FFF0030 00003C (v01 VBOX   VBOXXSDT 00000001 ASL  00000061)
[    0.000000] ACPI: FACP 0x000000003FFF00F0 0000F4 (v04 VBOX   VBOXFACP 00000001 ASL  00000061)
[    0.000000] ACPI: DSDT 0x000000003FFF0470 002118 (v01 VBOX   VBOXBIOS 00000002 INTL 20160108)
[    0.000000] ACPI: FACS 0x000000003FFF0200 000040
[    0.000000] ACPI: FACS 0x000000003FFF0200 000040
[    0.000000] ACPI: APIC 0x000000003FFF0240 00005C (v02 VBOX   VBOXAPIC 00000001 ASL  00000061)
[    0.000000] ACPI: SSDT 0x000000003FFF02A0 0001CC (v01 VBOX   VBOXCPUT 00000002 INTL 20160108)
[    0.000000] No NUMA configuration found
[    0.000000] Faking a node at [mem 0x0000000000000000-0x000000003ffeffff]
[    0.000000] NODE_DATA(0) allocated [mem 0x3ffeb000-0x3ffeffff]
[    0.000000] kvm-clock: Using msrs 4b564d01 and 4b564d00
[    0.000000] kvm-clock: cpu 0, msr 0:3ffe3001, primary cpu clock
[    0.000000] kvm-clock: using sched offset of 3932245566 cycles
[    0.000000] clocksource: kvm-clock: mask: 0xffffffffffffffff max_cycles: 0x1cd42e4dffb, max_idle_ns: 881590591483 ns
[    0.000000] Zone ranges:
[    0.000000]   DMA      [mem 0x0000000000001000-0x0000000000ffffff]
[    0.000000]   DMA32    [mem 0x0000000001000000-0x000000003ffeffff]
[    0.000000]   Normal   empty
[    0.000000]   Device   empty
[    0.000000] Movable zone start for each node
[    0.000000] Early memory node ranges
[    0.000000]   node   0: [mem 0x0000000000001000-0x000000000009efff]
[    0.000000]   node   0: [mem 0x0000000000100000-0x000000003ffeffff]
[    0.000000] Initmem setup node 0 [mem 0x0000000000001000-0x000000003ffeffff]
[    0.000000] ACPI: PM-Timer IO Port: 0x4008
[    0.000000] IOAPIC[0]: apic_id 2, version 17, address 0xfec00000, GSI 0-23
[    0.000000] ACPI: INT_SRC_OVR (bus 0 bus_irq 0 global_irq 2 dfl dfl)
[    0.000000] ACPI: INT_SRC_OVR (bus 0 bus_irq 9 global_irq 9 high level)
[    0.000000] Using ACPI (MADT) for SMP configuration information
[    0.000000] smpboot: Allowing 2 CPUs, 0 hotplug CPUs
[    0.000000] PM: Registered nosave memory: [mem 0x00000000-0x00000fff]
[    0.000000] PM: Registered nosave memory: [mem 0x0009f000-0x0009ffff]
[    0.000000] PM: Registered nosave memory: [mem 0x000a0000-0x000effff]
[    0.000000] PM: Registered nosave memory: [mem 0x000f0000-0x000fffff]
[    0.000000] e820: [mem 0x40000000-0xfffbffff] available for PCI devices
[    0.000000] Booting paravirtualized kernel on KVM
[    0.000000] clocksource: refined-jiffies: mask: 0xffffffff max_cycles: 0xffffffff, max_idle_ns: 7645519600211568 ns
[    0.000000] setup_percpu: NR_CPUS:512 nr_cpumask_bits:512 nr_cpu_ids:2 nr_node_ids:1
[    0.000000] PERCPU: Embedded 33 pages/cpu @ffff88003fc00000 s98200 r8192 d28776 u1048576
[    0.000000] PV qspinlock hash table entries: 256 (order: 0, 4096 bytes)
[    0.000000] Built 1 zonelists in Node order, mobility grouping on.  Total pages: 257913
[    0.000000] Policy zone: DMA32
[    0.000000] Kernel command line: BOOT_IMAGE=/boot/vmlinuz-4.4.0-103-generic root=LABEL=cloudimg-rootfs ro console=tty1 console=ttyS0
[    0.000000] PID hash table entries: 4096 (order: 3, 32768 bytes)
[    0.000000] Memory: 1001780K/1048120K available (8485K kernel code, 1295K rwdata, 3988K rodata, 1492K init, 1316K bss, 46340K reserved, 0K cma-reserved)
[    0.000000] SLUB: HWalign=64, Order=0-3, MinObjects=0, CPUs=2, Nodes=1
[    0.000000] Hierarchical RCU implementation.
[    0.000000] 	Build-time adjustment of leaf fanout to 64.
[    0.000000] 	RCU restricting CPUs from NR_CPUS=512 to nr_cpu_ids=2.
[    0.000000] RCU: Adjusting geometry for rcu_fanout_leaf=64, nr_cpu_ids=2
[    0.000000] NR_IRQS:33024 nr_irqs:440 16
[    0.000000] Console: colour VGA+ 80x25
[    0.000000] console [tty1] enabled
[    0.000000] console [ttyS0] enabled
[    0.000000] tsc: Detected 1396.826 MHz processor
[    1.502620] Calibrating delay loop (skipped) preset value.. 2793.65 BogoMIPS (lpj=5587304)
[    1.507046] pid_max: default: 32768 minimum: 301
[    1.509465] ACPI: Core revision 20150930
[    1.520882] ACPI: 2 ACPI AML tables successfully acquired and loaded
[    1.527613] Security Framework initialized
[    1.529836] Yama: becoming mindful.
[    1.531845] AppArmor: AppArmor initialized
[    1.534302] Dentry cache hash table entries: 131072 (order: 8, 1048576 bytes)
[    1.612237] Inode-cache hash table entries: 65536 (order: 7, 524288 bytes)
[    1.625676] Mount-cache hash table entries: 2048 (order: 2, 16384 bytes)
[    1.635286] Mountpoint-cache hash table entries: 2048 (order: 2, 16384 bytes)
[    1.639114] Initializing cgroup subsys io
[    1.641364] Initializing cgroup subsys memory
[    1.657798] Initializing cgroup subsys devices
[    1.673946] Initializing cgroup subsys freezer
[    1.728450] Initializing cgroup subsys net_cls
[    1.776920] Initializing cgroup subsys perf_event
[    1.793822] Initializing cgroup subsys net_prio
[    1.823237] Initializing cgroup subsys hugetlb
[    1.834097] Initializing cgroup subsys pids
[    1.836555] CPU: Physical Processor ID: 0
[    1.838758] CPU: Processor Core ID: 0
[    1.840945] mce: CPU supports 0 MCE banks
[    1.843197] Last level iTLB entries: 4KB 512, 2MB 8, 4MB 8
[    1.846059] Last level dTLB entries: 4KB 512, 2MB 32, 4MB 32, 1GB 0
[    1.853453] Freeing SMP alternatives memory: 32K
[    1.874334] ftrace: allocating 32158 entries in 126 pages
[    1.981028] smpboot: APIC(0) Converting physical 0 to logical package 0
[    1.996728] smpboot: Max logical packages: 1
[    2.001734] ..TIMER: vector=0x30 apic1=0 pin1=2 apic2=-1 pin2=-1
[    2.120717] smpboot: CPU0: Intel(R) Core(TM) i3-2365M CPU @ 1.40GHz (family: 0x6, model: 0x2a, stepping: 0x7)
[    2.194404] Performance Events: unsupported p6 CPU model 42 no PMU driver, software events only.
[    2.302083] KVM setup paravirtual spinlock
[    2.315226] x86: Booting SMP configuration:
[    2.343652] .... node  #0, CPUs:      #1
[    2.345990] kvm-clock: cpu 1, msr 0:3ffe3041, secondary cpu clock
[    2.349666] mce: CPU supports 0 MCE banks
[    2.353220] x86: Booted up 1 node, 2 CPUs
[    2.355875] smpboot: Total of 2 processors activated (5587.30 BogoMIPS)
[    2.366361] devtmpfs: initialized
[    2.375900] evm: security.selinux
[    2.379465] evm: security.SMACK64
[    2.381339] evm: security.SMACK64EXEC
[    2.383392] evm: security.SMACK64TRANSMUTE
[    2.385551] evm: security.SMACK64MMAP
[    2.394688] evm: security.ima
[    2.414209] evm: security.capability
[    2.470114] clocksource: jiffies: mask: 0xffffffff max_cycles: 0xffffffff, max_idle_ns: 7645041785100000 ns
[    2.572643] futex hash table entries: 512 (order: 3, 32768 bytes)
[    2.642821] pinctrl core: initialized pinctrl subsystem
[    2.697914] RTC time:  2:52:16, date: 12/15/17
[    2.707482] NET: Registered protocol family 16
[    2.769989] cpuidle: using governor ladder
[    2.810180] cpuidle: using governor menu
[    2.817894] PCCT header not found.
[    2.860553] ACPI: bus type PCI registered
[    2.894865] acpiphp: ACPI Hot Plug PCI Controller Driver version: 0.5
[    2.897343] PCI: Using configuration type 1 for base access
[    2.958566] ACPI: Added _OSI(Module Device)
[    2.977542] ACPI: Added _OSI(Processor Device)
[    3.048549] ACPI: Added _OSI(3.0 _SCP Extensions)
[    3.125850] ACPI: Added _OSI(Processor Aggregator Device)
[    3.206070] ACPI: Executed 1 blocks of module-level executable AML code
[    3.287592] ACPI: Interpreter enabled
[    3.306031] ACPI: (supports S0 S5)
[    3.374235] ACPI: Using IOAPIC for interrupt routing
[    3.462006] PCI: Using host bridge windows from ACPI; if necessary, use "pci=nocrs" and report a bug
[    3.480785] ACPI: PCI Root Bridge [PCI0] (domain 0000 [bus 00-ff])
[    3.486151] acpi PNP0A03:00: _OSC: OS supports [ASPM ClockPM Segments MSI]
[    3.489332] acpi PNP0A03:00: _OSC failed (AE_NOT_FOUND); disabling ASPM
[    3.596925] acpi PNP0A03:00: fail to add MMCONFIG information, can't access extended PCI configuration space under this bridge.
[    3.725966] PCI host bridge to bus 0000:00
[    3.786698] pci_bus 0000:00: root bus resource [io  0x0000-0x0cf7 window]
[    3.870306] pci_bus 0000:00: root bus resource [io  0x0d00-0xffff window]
[    3.897683] pci_bus 0000:00: root bus resource [mem 0x000a0000-0x000bffff window]
[    4.039591] pci_bus 0000:00: root bus resource [mem 0x40000000-0xffdfffff window]
[    4.154746] pci_bus 0000:00: root bus resource [bus 00-ff]
[    4.187431] pci 0000:00:01.1: legacy IDE quirk: reg 0x10: [io  0x01f0-0x01f7]
[    4.287969] pci 0000:00:01.1: legacy IDE quirk: reg 0x14: [io  0x03f6]
[    4.407015] pci 0000:00:01.1: legacy IDE quirk: reg 0x18: [io  0x0170-0x0177]
[    4.443311] pci 0000:00:01.1: legacy IDE quirk: reg 0x1c: [io  0x0376]
[    4.668796] ACPI: PCI Interrupt Link [LNKA] (IRQs 5 9 10 11) *0, disabled.
[    4.745312] ACPI: PCI Interrupt Link [LNKB] (IRQs 5 9 10 *11)
[    4.788402] ACPI: PCI Interrupt Link [LNKC] (IRQs 5 9 *10 11)
[    4.814236] ACPI: PCI Interrupt Link [LNKD] (IRQs 5 *9 10 11)
[    4.826913] ACPI: Enabled 2 GPEs in block 00 to 07
[    4.876380] vgaarb: setting as boot device: PCI:0000:00:02.0
[    4.930297] vgaarb: device added: PCI:0000:00:02.0,decodes=io+mem,owns=io+mem,locks=none
[    5.080499] vgaarb: loaded
[    5.132031] vgaarb: bridge control possible 0000:00:02.0
[    5.221947] SCSI subsystem initialized
[    5.264898] ACPI: bus type USB registered
[    5.327974] usbcore: registered new interface driver usbfs
[    5.415100] usbcore: registered new interface driver hub
[    5.484839] usbcore: registered new device driver usb
[    5.531430] PCI: Using ACPI for IRQ routing
[    5.605840] NetLabel: Initializing
[    5.666029] NetLabel:  domain hash size = 128
[    5.729382] NetLabel:  protocols = UNLABELED CIPSOv4
[    5.789705] NetLabel:  unlabeled traffic allowed by default
[    5.806579] amd_nb: Cannot enumerate AMD northbridges
[    5.810467] clocksource: Switched to clocksource kvm-clock
[    5.827441] AppArmor: AppArmor Filesystem Enabled
[    5.882956] pnp: PnP ACPI init
[   5.923768] pnp: PnP ACPI: found 3 devices

[   5.988490] clocksource: acpi_pm: mask: 0xffffff max_cycles: 0xffffff, max_idle_ns: 2085701024 ns
[    6.074672] NET: Registered protocol family 2
[    6.084282] TCP established hash table entries: 8192 (order: 4, 65536 bytes)
[    6.093950] TCP bind hash table entries: 8192 (order: 5, 131072 bytes)
[    6.123430] TCP: Hash tables configured established 8192 bind 8192)
[    6.164984] UDP hash table entries: 512 (order: 2, 16384 bytes)
[    6.167823] UDP-Lite hash table entries: 512 (order: 2, 16384 bytes)
[    6.170861] NET: Registered protocol family 1
[    6.173201] pci 0000:00:00.0: Limiting direct PCI/PCI transfers
[    6.176063] pci 0000:00:01.0: Activating ISA DMA hang workarounds
[   180141] Unpacking niam...

[   10.364128] Freeing initrd memory: 10792K
[   10.431155] RAPL PMU detected, API unit is 2^-32 Joules, 3 fixed counters 10737418240 ms ovfl timer
[   10.437379] hw unit of domain pp0-core 2^-0 Joules
[   10.441116] hw unit of domain package 2^-0 Joules
[   10.443592] hw unit of domain pp1-gpu 2^-0 Joules
[   10.464675] platform rtc_cmos: registered platform RTC device (no PNP device found)
[   10.622729] Scanning for low memory corruption evry0 cos
[   11.058072] audit: initializing netlink subsys (disabled)
[   11.124869] audit: type=2000 audit(1513306345.188:1): initialized
[   11.208269] Initialise system trusted keyring
[   11.268226] HugeTLB registered 2 MB page size, pre-allocated 0 pages
[   11.397042] zbud: loaded
[   11.404337] VFS: Disk quotas dquot_6.6.0
[  1441008] VFS: Dquot-cache hash table entries: 512 (order 0, 4096 bytes)
[   11.561697] tsc: Refined TSC clocksourcecalraion: 1395.561 MHz

[   11.720436] clocksource: tsc: mask: 0xffffffffffffffff max_cycles: 0x141dbef64af, max_idle_ns: 440795264479 ns
[   11.721199] squashfs: version 4.0 (2009/01/31) Phillip Lougher
[   11.721701] fuse init (API version 7.23)
[   11.721955] Key type big_key registered
[   11.722000] Allocating IMA MOK and blacklist keyrings.
[   11.722526] Key type asymmetric registered
[   11.722540] Asymmetric key parser 'x509' registered
[   11.722694] Block layer SCSI generic (bsg) driver version 0.4 loaded (major 249)
[   11.722791] io scheduler noop registered
[   11.722840] io scheduler deadline registered (default)
[   11.722920] io scheduler cfq registered
[   11.723105] pci_hotplug: PCI Hot Plug PCI Core version: 0.5
[   11.723115] pciehp: PCI Express Hot Plug Controller Driver version: 0.4
[   11.723356] ACPI: AC Adapter [AC] (off-line)
[   11.723457] input: Power Button as /devices/LNXSYSTM:00/LNXPWRBN:00/input/input0
[   11.723462] ACPI: Power Button [PWRF]
[   11.723590] input: Sleep Button as /devices/LNXSYSTM:00/LNXSLPBN:00/input/input1
[   11.723593] ACPI: Sleep Button [SLPF]
[   11.723871] GHES: HEST is not enabled!
[   11.725247] ACPI: Battery Slot [BAT0] (battery present)
[   11.725326] Serial: 8250/16550 driver, 32 ports, IRQ sharing enabled
[   11.754732] 00:02: ttyS0 at I/O 0x3f8 (irq = 4, base_baud = 115200) is a 16550A
[   11.784512] Linux agpgart interface v0.103
[   12.102171] loop: module loaded
[   12.103359] scsi host0: ata_piix
[   12.103482] scsi host1: ata_piix
[   12.103551] ata1: PATA max UDMA/33 cmd 0x1f0 ctl 0x3f6 bmdma 0xd000 irq 14
[   12.103553] ata2: PATA max UDMA/33 cmd 0x170 ctl 0x376 bmdma 0xd008 irq 15
[   12.103702] libphy: Fixed MDIO Bus: probed
[   12.103708] tun: Universal TUN/TAP device driver, 1.6
[   12.103709] tun: (C) 1999-2004 Max Krasnyansky <maxk@qualcomm.com>
[   12.104206] PPP generic driver version 2.4.2
[   12.104326] ehci_hcd: USB 2.0 'Enhanced' Host Controller (EHCI) Driver
[   12.104335] ehci-pci: EHCI PCI platform driver
[   12.104370] ehci-platform: EHCI generic platform driver
[   12.104388] ohci_hcd: USB 1.1 'Open' Host Controller (OHCI) Driver
[   12.104396] ohci-pci: OHCI PCI platform driver
[   12.104414] ohci-platform: OHCI generic platform driver
[   12.104430] uhci_hcd: USB Universal Host Controller Interface driver
[   12.104551] i8042: PNP: PS/2 Controller [PNP0303:PS2K,PNP0f03:PS2M] at 0x60,0x64 irq 1,12
[   12.126146] serio: i8042 KBD port at 0x60,0x64 irq 1
[   12.126157] serio: i8042 AUX port at 0x60,0x64 irq 12
[   12.126415] mousedev: PS/2 mouse device common for all mice
[   12.127122] rtc_cmos rtc_cmos: rtc core: registered rtc_cmos as rtc0
[   12.127251] rtc_cmos rtc_cmos: alarms up to one day, 114 bytes nvram
[   12.127265] i2c /dev entries driver
[   12.127374] device-mapper: uevent: version 1.0.3
[   12.127487] device-mapper: ioctl: 4.34.0-ioctl (2015-10-28) initialised: dm-devel@redhat.com
[   12.127516] ledtrig-cpu: registered to indicate activity on CPUs
[   12.128159] NET: Registered protocol family 10
[   12.128468] NET: Registered protocol family 17
[   12.128488] Key type dns_resolver registered
[   12.449996] microcode: CPU0 sig=0x206a7, pf=0x10, revision=0x0
[   12.450106] microcode: CPU1 sig=0x206a7, pf=0x10, revision=0x0
[   12.450437] microcode: Microcode Update Driver: v2.01 <tigran@aivazian.fsnet.co.uk>, Peter Oruba
[   12.451251] registered taskstats version 1
[   12.451295] Loading compiledn X.509 certificates
[   12.453198] Loaded X.509 cert 'Build time autogenerated kernel key: 6495e09daeacef0cade9c1ea2246b74b6c79cd53'
[   12.453244] zswap: loaded using pool lzo/zbud
[   12.457528] Key type trusted registered
[   12.465291] Key type encrypted registered
[   12.465308] AppArmor: AppArmor sha1 policy hashing enabled
[   12.465317] ima: No TPM chip found, activating TPM-bypass!
[   12.465366] evm: HMAC attrs: 0x1
[   12.466432]   Magic number: 13:711:864
[   12.510393] rtc_cmos rtc_cmos: setting system clock to 2017-12-15 02:52:26 UTC (1513306346)
[   12.510784] BIOS EDD facility v0.16 2004-Jun-25, 0 devices found
[   12.510785] EDD information not available.
[   12.736938] input: AT Translated Set 2 keyboard as /devices/platform/i8042/serio0/input/input2
[   13.628579] Freeing unused kernel memory: 1492K
[   13.631294] Write protecting the kernel read-only data: 14336k
[   13.636526] Freeing unused kernel memory: 1744K
[   13.642497] Freeing unused kernel memory: 108K
Loading, please wait...
starting version[   13.686508] random: systemd-udevd: uninitialized urandom read (16 bytes read, 4 bits of entropy available)
 229
[   13.688032] random: udevadm: uninitialized urandom read (16 bytes read, 4 bits of entropy available)
[   13.688075] random: udevadm: uninitialized urandom read (16 bytes read, 4 bits of entropy available)
[   13.706137] random: udevadm: uninitialized urandom read (16 bytes read, 4 bits of entropy available)
[   13.706274] random: udevadm: uninitialized urandom read (16 bytes read, 4 bits of entropy available)
[   13.706541] random: udevadm: uninitialized urandom read (16 bytes read, 4 bits of entropy available)
[   13.706725] random: udevadm: uninitialized urandom read (16 bytes read, 4 bits of entropy available)
[   13.706830] random: udevadm: uninitialized urandom read (16 bytes read, 4 bits of entropy available)
[   13.706938] random: udevadm: uninitialized urandom read (16 bytes read, 4 bits of entropy available)
[   13.707041] random: udevadm: uninitialized urandom read (16 bytes read, 4 bits of entropy available)
[   15.732921] Fusion MPT base driver 3.04.20
[   15.935185] Copyright (c) 1999-2008 LSI Corporation
[   16.140645] e1000: Intel(R) PRO/1000 Network Driver - version 7.3.21-k8-NAPI
[   16.718676] e1000: Copyright (c) 1999-2006 Intel Corporation.
[   17.255455] input: ImExPS/2 Generic Explorer Mouse as /devices/platform/i8042/serio1/input/input4
[   17.678734] Fusion MPT SPI Host driver 3.04.20
[   18.410793] e1000 0000:00:03.0 eth0: (PCI:33MHz:32-bit) 02:15:29:52:b1:84
[   18.748182] e1000 0000:00:03.0 eth0: Intel(R) PRO/1000 Network Connection
[   18.758675] mptbase: ioc0: Initiating bringup
[   18.831588] ioc0: LSI53C1030 A0: Capabilities={Initiator}
[   19.305067] scsi host2: ioc0: LSI53C1030 A0, FwRev=00000000h, Ports=1, MaxQ=256, IRQ=20
[   19.460187] scsi 2:0:0:0: Direct-Access     VBOX     HARDDISK         1.0  PQ: 0 ANSI: 5
[   19.511933] scsi target2:0:0: Beginning Domain Validation
[   19.695828] scsi target2:0:0: Domain Validation skipping write tests
[   19.749934] scsi target2:0:0: Ending Domain Validation
[   19.754329] scsi target2:0:0: asynchronous
[   19.786911] scsi 2:0:1:0: Direct-Access     VBOX     HARDDISK         1.0  PQ: 0 ANSI: 5
[   19.797961] scsi target2:0:1: Beginning Domain Validation
[   19.804594] scsi target2:0:1: Domain Validation skipping write tests
[   19.814445] scsi target2:0:1: Ending Domain Validation
[   19.817483] scsi target2:0:1: asynchronous
[   19.840191] sd 2:0:0:0: Attached scsi generic sg0 type 0
[   19.850044] sd 2:0:0:0: [sda] 20971520 512-byte logical blocks: (10.7 GB/10.0 GiB)
[   19.857893] sd 2:0:1:0: Attached scsi generic sg1 type 0
[   19.926770] sd 2:0:1:0: [sdb] 20480 512-byte logical blocks: (10.5 MB/10.0 MiB)
[   20.066243] sd 2:0:0:0: [sda] Write Protect is off
[   20.168369] sd 2:0:1:0: [sdb] Write Protect is off
[   20.170212] sd 2:0:0:0: [sda] Incomplete mode parameter data
[   20.170215] sd 2:0:0:0: [sda] Assuming drive cache: write through
[   20.219672] e1000 0000:00:08.0 eth1: (PCI:33MHz:32-bit) 08:00:27:4b:6e:4c
[   20.219689] e1000 0000:00:08.0 eth1: Intel(R) PRO/1000 Network Connection
[   20.442172] e1000 0000:00:03.0 enp0s3: renamed from eth0
[   20.522798]  sda: sda1
[   20.527372] sd 2:0:0:0: [sda] Attached SCSI disk
[   21.586786] floppy0: no floppy controllers found
[   22.388289] sd 2:0:1:0: [sdb] Incomplete mode parameter data
[   22.392022] sd 2:0:1:0: [sdb] Assuming drive cache: write through
[   22.419973] e1000 0000:00:08.0 enp0s8: renamed from eth1
[   22.500704] sd 2:0:1:0: [sdb] Attached SCSI disk
Begin: Loading e[   24.665248] md: linear personality registered for level -1
ssential drivers ... [   24.685541] md: multipath personality registered for level -4
[   24.696779] md: raid0 personality registered for level 0
[   24.722015] md: raid1 personality registered for level 1
[   24.802567] raid6: sse2x1   gen()  3625 MB/s
[   24.874573] raid6: sse2x1   xor()  2831 MB/s
[   24.954580] raid6: sse2x2   gen()  4545 MB/s
[   25.034577] raid6: sse2x2   xor()  3297 MB/s
[   25.106595] raid6: sse2x4   gen()  5224 MB/s
[   25.186577] raid6: sse2x4   xor()  3868 MB/s
[   25.192784] raid6: using algorithm sse2x4 gen() 5224 MB/s
[   25.195567] raid6: .... xor() 3868 MB/s, rmw enabled
[   25.198030] raid6: using ssse3x2 recovery algorithm
[   25.205203] xor: automatically using best checksumming function:
[   25.572307]    avx       : 15321.000 MB/sec
[   25.603372] async_tx: api initialized (async)
[   25.758754] md: raid6 personality registered for level 6
[   25.922344] md: raid5 personality registered for level 5
[   26.077768] md: raid4 personality registered for level 4
[   26.256572] md: raid10 personality registered for level 10
done.
Begin: Running /scripts/init-premount ... done.
Begin: Mounting root file system ... Begin: Ru[   26.524223] Btrfs loaded
nning /scripts/local-top ... done.
Begin: Running /scripts/local-premount ... Scanning for Btrfs filesystems
done.
Warning: fsck not present, so skipping root file system
[   26.852762] EXT4-fs (sda1): INFO: recovery required on readonly filesystem
[   26.865622] EXT4-fs (sda1): write access will be enabled during recovery
[   27.472980] EXT4-fs (sda1): orphan cleanup on readonly fs
[   27.538051] EXT4-fs (sda1): 10 orphan inodes deleted
[   27.547857] EXT4-fs (sda1): recovery complete
[   27.626140] EXT4-fs (sda1): mounted filesystem with ordered data mode. Opts: (null)
done.
Begin: Running /scripts/local-bottom ... done.
Begin: Running /[   28.148125] random: nonblocking pool is initialized
scripts/init-bottom ... done.
[   28.917379] systemd[1]: systemd 229 running in system mode. (+PAM +AUDIT +SELINUX +IMA +APPARMOR +SMACK +SYSVINIT +UTMP +LIBCRYPTSETUP +GCRYPT +GNUTLS +ACL +XZ -LZ4 +SECCOMP +BLKID +ELFUTILS +KMOD -IDN)
[   28.968703] systemd[1]: Detected virtualization oracle.
[   29.028149] systemd[1]: Detected architecture x86-64.

Welcome to [1mUbuntu 16.04.3 LTS[0m!

[   29.101825] systemd[1]: Set hostname to <ubuntu-xenial>.
[   30.528860] systemd[1]: Reached target Swap.
[[0;32m  OK  [0m] Reached target Swap.
[   30.860197] systemd[1]: Listening on Syslog Socket.
[[0;32m  OK  [0m] Listening on Syslog Socket.
[   30.865430] systemd[1]: Listening on Device-mapper event daemon FIFOs.
[[0;32m  OK  [0m] Listening on Device-mapper event daemon FIFOs.
[   30.872325] systemd[1]: Reached target Encrypted Volumes.
[[0;32m  OK  [0m] Reached target Encrypted Volumes.
[   30.878463] systemd[1]: Listening on Journal Socket.
[[0;32m  OK  [0m] Listening on Journal Socket.
[   30.896328] systemd[1]: Created slice System Slice.
[[0;32m  OK  [0m] Created slice System Slice.
[   31.287063] systemd[1]: Mounting Huge Pages File System...
         Mounting Huge Pages File System...
[   31.611842] systemd[1]: Starting Remount Root and Kernel File Systems...
[   31.623638] EXT4-fs (sda1): re-mounted. Opts: (null)
         Starting Remount Root and Kernel File Systems...
[   31.660648] systemd[1]: Mounting Debug File System...
         Mounting Debug File System...
[   31.795871] systemd[1]: Starting Uncomplicated firewall...
         Starting Uncomplicated firewall...
[   31.937637] systemd[1]: Starting Load Kernel Modules...
         Startin[   32.087247] Loading iSCSI transport class v2.0-870.
g Load Kernel Modules...
[   32.684220] systemd[1]: Listening on Journal Audit Socket.
[[0;32m  OK  [0m] Listening on Journal Audit Socket.
[   33.130362] systemd[1]: Listening on udev Control Socket.
[[0;32m  OK  [0m] Listening on udev Control Socket.
[   33.143639] systemd[1]: Listening on LVM2 poll daemon socket.
[[0;32m  OK  [[   33.151083] iscsi: registered transport (tcp)
0m] Listening on LVM2 poll daemon socket.
[   33.203868] systemd[1]: Started Forward Password Requests to Wall Directory Watch.
[[0;32m  OK  [0m] Started Forward Password Requests to Wall Directory Watch.
[   33.284588] systemd[1]: Set up automount Arbitrary Executable File Formats File System Automount Point.
[[0;32m  OK  [0m] Set up automount Arbitrary Executab...ats File System Automount Point.
[   33.779264] systemd[1]: Mounting POSIX Message Queue File System...
         Mounting POSIX Message Queue File System...
[   33.851542] iscsi: registered transport (iser)
[   33.851797] systemd[1]: Listening on /dev/initctl Compatibility Named Pipe.
[[0;32m  OK  [0m] Listening on /dev/initctl Compatibility Named Pipe.
[   33.887264] systemd[1]: Starting Create list of required static device nodes for the current kernel...
         Starting Create list of required st... nodes for the current kernel...
[   33.976656] systemd[1]: Reached target User and Group Name Lookups.
[[0;32m  OK  [0m] Reached target User and Group Name Lookups.
[   34.013537] systemd[1]: Listening on LVM2 metadata daemon socket.
[[0;32m  OK  [0m] Listening on LVM2 metadata daemon socket.
[   34.071613] systemd[1]: Starting Monitoring of LVM2 mirrors, snapshots etc. using dmeventd or progress polling...
         Starting Monitoring of LVM2 mirrors... dmeventd or progress polling...
[   34.974776] systemd[1]: Listening on udev Kernel Socket.
[[0;32m  OK  [0m] Listening on udev Kernel Socket.
[   35.043463] systemd[1]: Starting Set console keymap...
         Starting Set console keymap...
[   35.092452] systemd[1]: Created slice User and Session Slice.
[[0;32m  OK  [0m] Created slice User and Session Slice.
[   35.655390] systemd[1]: Reached target Slices.
[[0;32m  OK  [0m] Reached target Slices.
[   35.735067] systemd[1]: Listening on Journal Socket (/dev/log).
[[0;32m  OK  [0m] Listening on Journal Socket (/dev/log).
[   36.196753] systemd[1]: Started Trigger resolvconf update for networkd DNS.
[[0;32m  OK  [0m] Started Trigger resolvconf update for networkd DNS.
[   36.235054] systemd[1]: Starting Journal Service...
         Starting Journal Service...
[   36.511676] systemd[1]: Starting Nameserver information manager...
         Starting Nameserver information manager...
[   36.651496] systemd[1]: Created slice system-serial\x2dgetty.slice.
[[0;32m  OK  [0m] Created slice system-serial\x2dgetty.slice.
[   36.663419] systemd[1]: Mounted Huge Pages File System.
[[0;32m  OK  [0m] Mounted Huge Pages File System.
[   36.931673] systemd[1]: Mounted POSIX Message Queue File System.
[[0;32m  OK  [0m] Mounted POSIX Message Queue File System.
[   36.940087] systemd[1]: Mounted Debug File System.
[[0;32m  OK  [0m] Mounted Debug File System.
[   36.998522] systemd[1]: Started Journal Service.
[[0;32m  OK  [0m] Started Journal Service.
[[0;32m  OK  [0m] Started Remount Root and Kernel File Systems.
[[0;32m  OK  [0m] Started Uncomplicated firewall.
[[0;32m  OK  [0m] Started Load Kernel Modules.
[[0;32m  OK  [0m] Started Create list of required sta...ce nodes for the current kernel.
[[0;32m  OK  [0m] Started Set console keymap.
[[0;32m  OK  [0m] Started LVM2 metadata daemon.
         Starting Create Static Device Nodes in /dev...
         Starting Apply Kernel Variables...
         Mounting FUSE Control File System...
         Starting udev Coldplug all Devices...
         Starting Initial cloud-init job (pre-networking)...
         Starting Load/Save Random Seed...
         Starting Flush Journal to Persistent Storage...
[[0;32m  OK  [0m] Mounted FUSE Control File System.
[[0;32m  OK  [0m] Started Nameserver information manager.
[[0;32m  OK  [0m] Started Apply Kernel Variables.
[[0;32m  OK  [0m] Started Load/Save Random Seed.
[[0;32m  OK  [0m] Started udev Coldplug all Devices.
[[0;32m  OK  [0m] Started Flush Journal to Persistent Storage.
[[0;32m  OK  [0m] Started Create Static Device Nodes in /dev.
         Starting udev Kernel Device Manager...
[[0;32m  OK  [0m] Started Monitoring of LVM2 mirrors,...ng dmeventd or progress polling.
[[0;32m  OK  [0m] Started udev Kernel Device Manager.
[[0;32m  OK  [0m] Reached target Local File Systems (Pre).
[[0;32m  OK  [0m] Reached target Local File Systems.
         Starting LSB: AppArmor initialization...
         Starting Tell Plymouth To Write Out Runtime Data...
         Starting Set console font and keymap...
         Starting Create Volatile Files and Directories...
[[0;32m  OK  [0m] Started Dispatch Password Requests to Console Directory Watch.
[[0;32m  OK  [0m] Started Tell Plymouth To Write Out Runtime Data.
[[0;32m  OK  [0m] Found device /dev/ttyS0.
[[0;32m  OK  [0m] Started Create Volatile Files and Directories.
[[0;32m  OK  [0m] Reached target System Time Synchronized.
         Starting Update UTMP about System Boot/Shutdown...
[[0;32m  OK  [0m] Started Update UTMP about System Boot/Shutdown.
[[0;32m  OK  [0m] Found device 82540EM Gigabit Ethern...r (PRO/1000 MT Desktop Adapter).
[[0;32m  OK  [0m] Found device 82540EM Gigabit Ethern...r (PRO/1000 MT Desktop Adapter).
[[0;32m  OK  [0m] Started LSB: AppArmor initialization.
[[0;32m  OK  [0m] Listening on Load/Save RF Kill Switch Status /dev/rfkill Watch.
[[0;32m  OK  [0m] Started Set console font and keymap.
[[0;32m  OK  [0m] Created slice system-getty.slice.
[   38.449917] cloud-init[426]: Cloud-init v. 17.1 running 'init-local' at Fri, 15 Dec 2017 02:52:56 +0000. Up 37.55 seconds.
[[0;32m  OK  [0m] Started Initial cloud-init job (pre-networking).
[[0;32m  OK  [0m] Reached target Network (Pre).
[[0;32m  OK  [0m] Started ifup for enp0s3.
[[0;32m  OK  [0m] Started ifup for enp0s8.
         Starting Raise network interfaces...
[[0;32m  OK  [0m] Started Raise network interfaces.
[[0;32m  OK  [0m] Reached target Network.
         Starting Initial cloud-init job (metadata service crawler)...
[   41.038095] cloud-init[1052]: Cloud-init v. 17.1 running 'init' at Fri, 15 Dec 2017 02:52:58 +0000. Up 39.64 seconds.
[   41.132141] [cloud-init[0;32m  OK  [0m[1052]: ] ci-info: ++++++++++++++++++++++++++++++++++++++Net device info++++++++++++++++++++++++++++++++++++++Started Initial cloud-init job (metadata service crawler).

[   41.133374] cloud-init[1052]: ci-info: +--------+------+-----------------------------+---------------+-------+-------------------+
[   41.170640] [cloud-init[0;32m  OK  [0m[1052]: ] ci-info: | Device |  Up  |           Address           |      Mask     | Scope |     Hw-Address    |Reached target System Initialization.

[[0;32m  OK  [0m] Listening on UUID daemon activation socket.
[[0;32m  OK  [0m] Started Daily Cleanup of Temporary Directories.
[   41.172012] cloud-init[1052]: ci-info: +--------+------+-----------------------------+---------------+-------+-------------------+
[   41.196618] [cloud-init[0;32m  OK  [0m[1052]: ] ci-info: | enp0s3 | True |          10.0.2.15          | 255.255.255.0 |   .   | 02:15:29:52:b1:84 |Started ACPI Events Check.

[[0;32m  OK  [0m] Reached target Paths.
[[0;32m  OK  [0m] Listening on ACPID Listen Socket.
[   41.198299] cloud-init[1052]: ci-info: | enp0s3 | True |  fe80::15:29ff:fe52:b184/64 |       .       |  link | 02:15:29:52:b1:84 |
[   41.217263]          cloud-initStarting LXD - unix socket.[1052]: 
ci-info: | enp0s8 | True |        192.168.33.51        | 255.255.255.0 |   .   | 08:00:27:4b:6e:4c |
[   41.229170] cloud-init[1052]: ci-info: | enp0s8 | True | fe80::a00:27ff:fe4b:6e4c/64 |       .       |  link | 08:00:27:4b:6e:4c |
[   41.236878] [cloud-init[0;32m  OK  [0m[1052]: ] ci-info: |   lo   | True |          127.0.0.1          |   255.0.0.0   |   .   |         .         |Started Timer to automatically refresh installed snaps.

[[0;32m  OK  [0m] Listening on D-Bus System Message Bus Socket.
[   41.238310] cloud-init[1052]: ci-info: |   lo   | True |           ::1/128           |       .       |  host |         .         |
[   41.271474] cloud-init[1052]: ci-info: +--------+------+-----------------------------+---------------+-------+-------------------+
         Starting Socket activation for snappy daemon.
[[0;32m  OK  [0m] Reached target Network is Online.
[[0;32m  OK  [0m] Started Daily apt download activities.
[   41.272586] cloud-init[1052]: ci-info: ++++++++++++++++++++++++++++Route IPv4 info++++++++++++++++++++++++++++
[   41.292449] [cloud-init[0;32m  OK  [0m[1052]: ] ci-info: +-------+--------------+----------+---------------+-----------+-------+Started Daily apt upgrade and clean activities.

[[0;32m  OK  [0m] Reached target Timers.
[   41.293486] cloud-init[1052]: ci-info: | Route | Destination  | Gateway  |    Genmask    | Interface | Flags |
[   41.308068] cloud-init[1052]: ci-info: +-------+--------------+----------+---------------+-----------+-------+
[   41.313795] cloud-init[1052]: ci-info: |   0   |   0.0.0.0    | 10.0.2.2 |    0.0.0.0    |   enp0s3  |   UG  |
         Starting iSCSI initiator daemon (iscsid)...
[[0;32m  OK  [0m] Reached target Cloud-config availability.
[   41.320283] cloud-init[1052]: ci-info: |   1   |   10.0.2.0   | 0.0.0.0  | 255.255.255.0 |   enp0s3  |   U   |
[[0;32m  OK  [0m] Listening on LXD - unix socket.
[[0;32m  OK  [0m] Listening on Socket activation for snappy daemon.
[   41.371852] cloud-init[1052]: ci-info: |   2   | 192.168.33.0 | 0.0.0.0  | 255.255.255.0 |   enp0s8  |   U   |
[   41.392897] cloud-init[1052]: ci-info: +-------+--------------+----------+---------------+-----------+-------+
[[0;32m  OK  [0m] Reached target Sockets.
[[0;32m  OK  [0m] Reached target Basic System.
[[0;32m  OK  [0m] Started Unattended Upgrades Shutdown.
[[0;32m  OK  [0m] Started Regular background program processing daemon.
[[0;32m  OK  [0m] Started D-Bus System Message Bus.
         Starting MySQL Community Server...
         Starting System Logging Service...
[[0;32m  OK  [0m] Started ACPI event daemon.
         Starting LSB: MD monitoring daemon...
         Starting Apply the settings specified in cloud-config...
         Starting Login Service...
         Starting The PHP 7.0 FastCGI Process Manager...
         Starting /etc/rc.local Compatibility...
         Starting OpenBSD Secure Shell server...
[[0;32m  OK  [0m] Started FUSE filesystem for LXC.
[[0;32m  OK  [0m] Started Deferred execution scheduler.
         Starting Accounts Service...
         Starting LSB: Record successful boot for GRUB...
         Starting Snappy daemon...
         Starting LXD - container startup/shutdown...
[[0;32m  OK  [0m] Started System Logging Service.
[[0;32m  OK  [0m] Started iSCSI initiator daemon (iscsid).
[[0;32m  OK  [0m] Started /etc/rc.local Compatibility.
[   43.326661] cloud-init[1130]: Cloud-init v. 17.1 running 'modules:config' at Fri, 15 Dec 2017 02:53:01 +0000. Up 42.58 seconds.
         Starting Login to default iSCSI targets...
[[0;32m  OK  [0m] Started OpenBSD Secure Shell server.
[[0;32m  OK  [0m] Started Apply the settings specified in cloud-config.
[[0;32m  OK  [0m] Started Login Service.
[[0;32m  OK  [0m] Started LSB: Record successful boot for GRUB.
[[0;32m  OK  [0m] Started Login to default iSCSI targets.
[[0;32m  OK  [0m] Started LSB: MD monitoring daemon.
[[0;32m  OK  [0m] Reached target Remote File Systems (Pre).
[[0;32m  OK  [0m] Reached target Remote File Systems.
         Starting LSB: Set the CPU Frequency Scaling governor to "ondemand"...
         Starting LSB: VirtualBox Linux Additions...
         Starting LSB: automatic crash report generation...
         Starting LSB: daemon to balance interrupts for SMP systems...
         Starting LSB: Apache2 web server...
         Starting Permit User Sessions...
[[0;32m  OK  [0m] Started LSB: Set the CPU Frequency Scaling governor to "ondemand".
[[0;32m  OK  [0m] Started Permit User Sessions.
         Starting Terminate Plymouth Boot Screen...
         Starting Hold until boot process finishes up...
[[0;32m  OK  [0m] Started Terminate Plymouth Boot Screen.
[[0;32m  OK  [0m] Started LSB: automatic crash report generation.
[[0;32m  OK  [0m] Started LSB: daemon to balance interrupts for SMP systems.
[[0;32m  OK  [0m] Started Hold until boot process finishes up.
         Starting Authenticate and Authorize Users to Run Privileged Tasks...
[[0;32m  OK  [0m] Started Serial Getty on ttyS0.
[[0;32m  OK  [0m] Started Getty on tty1.
[[0;32m  OK  [0m] Reached target Login Prompts.
         Starting Set console scheme...
[[0;32m  OK  [0m] Started Set console scheme.
[[0;32m  OK  [0m] Started Authenticate and Authorize Users to Run Privileged Tasks.
[[0;32m  OK  [0m] Started Accounts Service.
[[0;32m  OK  [0m] Started LSB: VirtualBox Linux Additions.
[[0;32m  OK  [0m] Created slice User Slice of ubuntu.
         Starting User Manager for UID 1000...
[[0;32m  OK  [0m] Started Session 1 of user ubuntu.
[[0;32m  OK  [0m] Started User Manager for UID 1000.
[[0;32m  OK  [0m] Started LXD - container startup/shutdown.
[[0;32m  OK  [0m] Started Snappy daemon.

Ubuntu 16.04.3 LTS ubuntu-xenial ttyS0

ubuntu-xenial login: [   53.601748] cloud-init[1506]: Cloud-init v. 17.1 running 'modules:final' at Fri, 15 Dec 2017 02:53:12 +0000. Up 53.19 seconds.
[   53.602409] cloud-init[1506]: Cloud-init v. 17.1 finished at Fri, 15 Dec 2017 02:53:12 +0000. Datasource DataSourceNoCloud [seed=/dev/sdb][dsmode=net].  Up 53.58 seconds
